// Vitest Snapshot v1, https://vitest.dev/guide/snapshot.html

exports[`Home component > matches snapshot 1`] = `
{
  "asFragment": [Function],
  "baseElement": <body>
    <div>
      <div>
        <img
          alt="Two fashionable purses"
          src="/public/hero.jpg"
        />
        <p>
          Lorem ipsum dolor sit amet consectetur adipisicing elit. Expedita fugiat aliquid nesciunt culpa qui optio quis voluptatibus eveniet iure ut vitae, quo earum blanditiis unde adipisci. Doloremque, fugiat libero veniam consequuntur ut consequatur velit. Aliquam, magnam maiores velit incidunt, minima ratione magni quas ipsam eaque consequatur cumque laboriosam perferendis nulla!
        </p>
      </div>
    </div>
  </body>,
  "container": <div>
    <div>
      <img
        alt="Two fashionable purses"
        src="/public/hero.jpg"
      />
      <p>
        Lorem ipsum dolor sit amet consectetur adipisicing elit. Expedita fugiat aliquid nesciunt culpa qui optio quis voluptatibus eveniet iure ut vitae, quo earum blanditiis unde adipisci. Doloremque, fugiat libero veniam consequuntur ut consequatur velit. Aliquam, magnam maiores velit incidunt, minima ratione magni quas ipsam eaque consequatur cumque laboriosam perferendis nulla!
      </p>
    </div>
  </div>,
  "debug": [Function],
  "findAllByAltText": [Function],
  "findAllByDisplayValue": [Function],
  "findAllByLabelText": [Function],
  "findAllByPlaceholderText": [Function],
  "findAllByRole": [Function],
  "findAllByTestId": [Function],
  "findAllByText": [Function],
  "findAllByTitle": [Function],
  "findByAltText": [Function],
  "findByDisplayValue": [Function],
  "findByLabelText": [Function],
  "findByPlaceholderText": [Function],
  "findByRole": [Function],
  "findByTestId": [Function],
  "findByText": [Function],
  "findByTitle": [Function],
  "getAllByAltText": [Function],
  "getAllByDisplayValue": [Function],
  "getAllByLabelText": [Function],
  "getAllByPlaceholderText": [Function],
  "getAllByRole": [Function],
  "getAllByTestId": [Function],
  "getAllByText": [Function],
  "getAllByTitle": [Function],
  "getByAltText": [Function],
  "getByDisplayValue": [Function],
  "getByLabelText": [Function],
  "getByPlaceholderText": [Function],
  "getByRole": [Function],
  "getByTestId": [Function],
  "getByText": [Function],
  "getByTitle": [Function],
  "queryAllByAltText": [Function],
  "queryAllByDisplayValue": [Function],
  "queryAllByLabelText": [Function],
  "queryAllByPlaceholderText": [Function],
  "queryAllByRole": [Function],
  "queryAllByTestId": [Function],
  "queryAllByText": [Function],
  "queryAllByTitle": [Function],
  "queryByAltText": [Function],
  "queryByDisplayValue": [Function],
  "queryByLabelText": [Function],
  "queryByPlaceholderText": [Function],
  "queryByRole": [Function],
  "queryByTestId": [Function],
  "queryByText": [Function],
  "queryByTitle": [Function],
  "rerender": [Function],
  "unmount": [Function],
}
`;
